c3e00000 T _start
c3e00020 t _undefined_instruction
c3e00024 t _software_interrupt
c3e00028 t _prefetch_abort
c3e0002c t _data_abort
c3e00030 t _not_used
c3e00034 t _irq
c3e00038 t _fiq
c3e0003c t _pad
c3e00040 T _TEXT_BASE
c3e00040 T _end_vect
c3e00044 T _bss_start_ofs
c3e00048 T _bss_end_ofs
c3e0004c T IRQ_STACK_START_IN
c3e00050 t reset
c3e00064 t call_board_init_f
c3e00074 T relocate_code
c3e00080 t stack_setup
c3e000a0 t copy_loop
c3e000d0 t fixloop
c3e000f4 t fixabs
c3e00108 t fixrel
c3e00110 t fixnext
c3e00120 t clear_bss
c3e0013c t clbss_l
c3e0014c t jump_2_ram
c3e00164 t _board_init_r_ofs
c3e00168 t _rel_dyn_start_ofs
c3e0016c t _rel_dyn_end_ofs
c3e00170 t _dynsym_start_ofs
c3e00174 t cpu_init_crit
c3e001c0 t undefined_instruction
c3e00220 t software_interrupt
c3e00280 t prefetch_abort
c3e002e0 t data_abort
c3e00340 t not_used
c3e003a0 t irq
c3e00400 t fiq
c3e00460 t _TEXT_BASE
c3e00464 T cache_init
c3e00488 T lowlevel_init
c3e00518 t v310_1
c3e00528 t after_copy
c3e0056c t _board_init_f
c3e00570 t _second_boot_info
c3e00574 t wakeup_reset
c3e005cc t skip_dmc
c3e005e8 t wake_v310
c3e005f4 t exit_wakeup
c3e00608 t read_om
c3e00650 T uart_asm_init
c3e006bc t load_uboot
c3e006fc t nand_boot
c3e00708 t onenand_boot
c3e00710 t mmcsd_boot
c3e0072c t emmc_boot
c3e00734 t emmc_boot_4_4
c3e0076c t nor_boot
c3e00770 t check_om_setting
c3e00774 t onenandcon_init
c3e00774 t wait_orwb
c3e007ac t tzpc_init
c3e0083c t mmc_ch4_devider_change
c3e00860 T nand_asm_init
c3e008f4 t enable_mmu
c3e00914 t mmu_on
c3e00934 T theLastJump
c3e00950 t phy_last_jump
c3e00a30 T mem_ctrl_asm_init
c3e00c88 T system_clock_init
c3e00dc4 t skip_mpll
c3e00f58 t v310_2
c3e01014 T dram_init
c3e0101c T dram_init_banksize
c3e01098 T virt_to_phy_s5pv310
c3e010a8 T board_mmc_init
c3e010e8 T board_late_init
c3e0111c T board_eth_init
c3e01128 T board_init
c3e01488 T Delay
c3e0148c T IIC0_SCLH_SDAH
c3e014ac T IIC0_SCLH_SDAL
c3e014cc T IIC0_SCLL_SDAH
c3e014ec T IIC0_SCLL_SDAL
c3e0150c T IIC1_SCLH_SDAH
c3e0152c T IIC1_SCLH_SDAL
c3e0154c T IIC1_SCLL_SDAH
c3e0156c T IIC1_SCLL_SDAL
c3e0158c T IIC3_SCLH_SDAH
c3e015ac T IIC3_SCLH_SDAL
c3e015cc T IIC3_SCLL_SDAH
c3e015ec T IIC3_SCLL_SDAL
c3e0160c T IIC0_ELow
c3e01624 T IIC0_EHigh
c3e0163c T IIC1_ELow
c3e01654 T IIC1_EHigh
c3e0166c T IIC3_ELow
c3e01684 T IIC3_EHigh
c3e0169c T IIC0_EStart
c3e016b4 T IIC0_EEnd
c3e016cc T IIC0_EAck_write
c3e0173c T IIC0_EAck_read
c3e0179c T IIC1_EStart
c3e017b4 T IIC1_EEnd
c3e017cc T IIC1_EAck
c3e0183c T IIC3_EStart
c3e01854 T IIC3_EEnd
c3e0186c T IIC3_EAck
c3e018dc T IIC0_ESetport
c3e01928 T IIC1_ESetport
c3e01974 T IIC3_ESetport
c3e019c0 T IIC0_EWrite
c3e01a60 T IIC0_ERead
c3e01b90 T IIC1_EWrite
c3e01c30 T IIC3_EWrite
c3e01cd0 T I2C_MAX8997_EnableReg
c3e01d70 T I2C_MAX8997_VolSetting
c3e01e08 T pmic_init
c3e01ed8 T usb_device_copy
c3e01ef0 T emmc_uboot_copy
c3e01f14 T emmc_4_4_endbootOp_eMMC
c3e01f2c T movi_write_bl1
c3e01f80 T movi_write_env
c3e01f9c T movi_read_env
c3e01fb8 T emmc_4_4_uboot_copy
c3e02010 T movi_uboot_copy
c3e0206c T copy_uboot_to_ram
c3e02148 T onenand_readw
c3e02150 T onenand_writew
c3e02158 T onenand_loadpage
c3e021d8 T onenand_isbad
c3e02200 T onenand_readpage
c3e0224c T onenand_bl2_copy
c3e022d8 T Check_Signature
c3e02348 T security_check
c3e023e8 T ace_hash_sha1_digest
c3e024ac T reset_cpu
c3e024e0 T GPIO_Init
c3e024f4 T GPIO_SetFunctionEach
c3e02524 T GPIO_SetFunctionAll
c3e0253c T GPIO_SetDataEach
c3e0256c T GPIO_SetDataAll
c3e02588 T GPIO_GetDataEach
c3e025ac T GPIO_GetDataAll
c3e025c8 T GPIO_SetPullUpDownEach
c3e025fc T GPIO_SetPullUpDownAll
c3e02618 T ETC_SetPullUpDownEach
c3e02648 T ETC_SetPullUpDownAll
c3e02660 T GPIO_SetDSEach
c3e02694 T GPIO_SetDSAll
c3e026c0 T GPIO_SetConRegPDNAll
c3e026dc T GPIO_SetPullUDPDNAll
c3e026f8 T GPIO_EINT1ClrPend
c3e0271c T GPIO_EINT1UnMask
c3e02744 T GPIO_EINT1Mask
c3e02774 T GPIO_EINT2ClrPend
c3e02798 T GPIO_EINT2UnMask
c3e027c0 T GPIO_EINT2Mask
c3e027f0 T GPIO_EINT3ClrPend
c3e02814 T GPIO_EINT3UnMask
c3e0283c T GPIO_EINT3Mask
c3e0286c T GPIO_EINT4ClrPend
c3e02890 T GPIO_EINT4UnMask
c3e028b8 T GPIO_EINT4Mask
c3e028e8 T GPIO_EINT5ClrPend
c3e0290c T GPIO_EINT5UnMask
c3e02934 T GPIO_EINT5Mask
c3e02964 T GPIO_EINT6ClrPend
c3e02988 T GPIO_EINT6UnMask
c3e029b0 T GPIO_EINT6Mask
c3e029e0 T GPIO_EINT7ClrPend
c3e02a04 T GPIO_EINT7UnMask
c3e02a2c T GPIO_EINT7Mask
c3e02a5c T GPIO_EINT8ClrPend
c3e02a80 T GPIO_EINT8UnMask
c3e02aa8 T GPIO_EINT8Mask
c3e02ad8 T GPIO_EINT9ClrPend
c3e02afc T GPIO_EINT9UnMask
c3e02b24 T GPIO_EINT9Mask
c3e02b54 T GPIO_EINT10ClrPend
c3e02b78 T GPIO_EINT10UnMask
c3e02ba0 T GPIO_EINT10Mask
c3e02bd0 T GPIO_EINT11ClrPend
c3e02bf4 T GPIO_EINT11UnMask
c3e02c1c T GPIO_EINT11Mask
c3e02c4c T GPIO_EINT12ClrPend
c3e02c70 T GPIO_EINT12UnMask
c3e02c98 T GPIO_EINT12Mask
c3e02cc8 T GPIO_EINT13ClrPend
c3e02cec T GPIO_EINT13UnMask
c3e02d14 T GPIO_EINT13Mask
c3e02d44 T GPIO_EINT14ClrPend
c3e02d68 T GPIO_EINT14UnMask
c3e02d90 T GPIO_EINT14Mask
c3e02dc0 T GPIO_EINT15ClrPend
c3e02de4 T GPIO_EINT15UnMask
c3e02e0c T GPIO_EINT15Mask
c3e02e3c T GPIO_EINT16ClrPend
c3e02e60 T GPIO_EINT16UnMask
c3e02e88 T GPIO_EINT16Mask
c3e02eb8 T GPIO_EINT21ClrPend
c3e02ed4 T GPIO_EINT21UnMask
c3e02ef4 T GPIO_EINT21Mask
c3e02f1c T GPIO_EINT22ClrPend
c3e02f38 T GPIO_EINT22UnMask
c3e02f58 T GPIO_EINT22Mask
c3e02f80 T GPIO_EINT23ClrPend
c3e02f9c T GPIO_EINT23UnMask
c3e02fbc T GPIO_EINT23Mask
c3e02fe4 T GPIO_EINT24ClrPend
c3e03000 T GPIO_EINT24UnMask
c3e03020 T GPIO_EINT24Mask
c3e03048 T GPIO_EINT25ClrPend
c3e03064 T GPIO_EINT25UnMask
c3e03084 T GPIO_EINT25Mask
c3e030ac T GPIO_EINT26ClrPend
c3e030c8 T GPIO_EINT26UnMask
c3e030e8 T GPIO_EINT26Mask
c3e03110 T GPIO_EINT27ClrPend
c3e0312c T GPIO_EINT27UnMask
c3e0314c T GPIO_EINT27Mask
c3e03174 T GPIO_EINT28ClrPend
c3e03190 T GPIO_EINT28UnMask
c3e031b0 T GPIO_EINT28Mask
c3e031d8 T GPIO_EINT29ClrPend
c3e031f4 T GPIO_EINT29UnMask
c3e03214 T GPIO_EINT29Mask
c3e0323c T GPIO_EINT40ClrPend
c3e03258 T GPIO_EINT40UnMask
c3e03278 T GPIO_EINT40Mask
c3e032a0 T GPIO_EINT41ClrPend
c3e032bc T GPIO_EINT41UnMask
c3e032dc T GPIO_EINT41Mask
c3e03304 T GPIO_EINT42ClrPend
c3e03320 T GPIO_EINT42UnMask
c3e03340 T GPIO_EINT42Mask
c3e03368 T GPIO_EINT43ClrPend
c3e03384 T GPIO_EINT43UnMask
c3e033a4 T GPIO_EINT43Mask
c3e033cc T EINT_GRPPRI_XA
c3e033f4 T EINT_GRPPRI_XB
c3e03414 T EINT_PRIORITY_XA
c3e03448 T EINT_PRIORITY_XB
c3e03474 T Get_EINTSVC_XA
c3e03490 T Get_EINTSVC_XB
c3e034a4 T Get_EINTSVCPEND_XA
c3e034c0 T Get_EINTSVCPEND_XB
c3e034d4 T EINT_GRPFIXPRI_XA
c3e034fc T EINT_GRPFIXPRI_XB
c3e0351c T EINT_FIXPRI_XB
c3e03560 T EINT_FIXPRI_XA
c3e035a4 t T.409
c3e035d4 T GPIO_SetEint1
c3e036d0 T GPIO_SetEint2
c3e037d8 T GPIO_SetEint3
c3e038e0 T GPIO_SetEint4
c3e039c8 T GPIO_SetEint5
c3e03ab0 T GPIO_SetEint6
c3e03b6c T GPIO_SetEint7
c3e03c28 T GPIO_SetEint8
c3e03d10 T GPIO_SetEint9
c3e03e18 T GPIO_SetEint10
c3e03f20 T GPIO_SetEint11
c3e04028 T GPIO_SetEint12
c3e04130 T GPIO_SetEint13
c3e04238 T GPIO_SetEint14
c3e04340 T GPIO_SetEint15
c3e04448 T GPIO_SetEint16
c3e04550 T GPIO_SetEint21
c3e0463c T GPIO_SetEint22
c3e04708 T GPIO_SetEint23
c3e047f4 T GPIO_SetEint24
c3e048e0 T GPIO_SetEint25
c3e049cc T GPIO_SetEint26
c3e04ab8 T GPIO_SetEint27
c3e04ba4 T GPIO_SetEint28
c3e04c4c T GPIO_SetEint29
c3e04d38 T GPIO_SetEint40
c3e04e24 T GPIO_SetEint41
c3e04f10 T GPIO_SetEint42
c3e04ffc T GPIO_SetEint43
c3e050e8 T init_raw_area_table
c3e052d4 T get_device_type
c3e052e4 T print_cpuinfo
c3e05340 T s5p_clock_init
c3e05344 t get_PLLCLK
c3e05398 T get_MPLL_CLK
c3e053a0 T get_APLL_CLK
c3e053a8 T clear_hsmmc_clock_div
c3e053cc T setup_hsmmc_cfg_gpio
c3e0544c T setup_sdhci0_cfg_card
c3e054f4 T setup_hsmmc_clock
c3e055cc T set_hsmmc_pre_ratio
c3e05630 T cleanup_before_linux
c3e05658 T sdelay
c3e05664 T sr32
c3e05684 T wait_on_value
c3e056b8 T timer_init
c3e05728 T set_timer
c3e05740 T reset_timer_masked
c3e05768 T reset_timer
c3e0576c T get_timer_masked
c3e057d4 T get_timer
c3e057e8 T __udelay
c3e05888 T get_ticks
c3e0589c T get_tbclk
c3e058a4 T __coloured_LED_init
c3e058a4 W coloured_LED_init
c3e058a8 T __red_LED_on
c3e058a8 W red_LED_on
c3e058ac T __red_LED_off
c3e058ac W red_LED_off
c3e058b0 T __green_LED_on
c3e058b0 W green_LED_on
c3e058b4 T __green_LED_off
c3e058b4 W green_LED_off
c3e058b8 T __yellow_LED_on
c3e058b8 W yellow_LED_on
c3e058bc T __yellow_LED_off
c3e058bc W yellow_LED_off
c3e058c0 T __blue_LED_on
c3e058c0 W blue_LED_on
c3e058c4 T __blue_LED_off
c3e058c4 W blue_LED_off
c3e058c8 T __dram_init_banksize
c3e058e4 t display_banner
c3e05904 T hang
c3e05914 T board_init_f
c3e05a58 T board_init_r
c3e05b3c T do_bootm_linux
c3e05d70 T arch_lmb_reserve
c3e05d94 T flush_cache
c3e05d98 t get_cr
c3e05da0 t set_cr
c3e05da8 t cp_delay
c3e05dd8 t cache_enable
c3e05ea4 T icache_enable
c3e05eac T icache_status
c3e05ebc T dcache_enable
c3e05ec4 T dcache_status
c3e05ed4 t cache_disable
c3e05f18 T dcache_disable
c3e05f20 T icache_disable
c3e05f28 T interrupt_init
c3e05f44 T enable_interrupts
c3e05f48 T disable_interrupts
c3e05f50 T show_regs
c3e06090 T bad_mode
c3e060ac T do_irq
c3e060d0 T do_fiq
c3e060f4 T do_not_used
c3e06118 T do_data_abort
c3e0613c T do_prefetch_abort
c3e06160 T do_software_interrupt
c3e06184 T do_undefined_instruction
c3e061a8 T do_reset
c3e061d4 t print_num
c3e061e8 T do_bdinfo
c3e0632c W do_go_exec
c3e06344 T do_go
c3e063b4 t __fswab32
c3e063d0 t image_get_data
c3e063d8 T __arch_preboot_os
c3e063d8 W arch_preboot_os
c3e063dc t image_check_magic
c3e06400 t image_info
c3e064c8 T do_iminfo
c3e06528 t image_get_size
c3e06530 t image_get_data_size
c3e06534 T do_bootd
c3e06558 t do_bootm_ose
c3e06590 t do_bootm_rtems
c3e065cc t do_bootm_qnxelf
c3e06630 t do_bootm_vxworks
c3e06694 t bootm_load_os
c3e067ec t T.83
c3e067fc t do_bootm_netbsd
c3e0691c t bootm_start
c3e06ca4 T do_bootm_subcommand
c3e06ef4 T do_bootm
c3e0721c t on_off
c3e07258 T do_dcache
c3e072cc T do_icache
c3e07340 T do_coninfo
c3e07430 T do_echo
c3e074b4 T valid_elf_image
c3e07508 t load_elf_image_shdr
c3e075a0 T do_bootvx
c3e07828 W do_bootelf_exec
c3e0786c T do_bootelf
c3e079c4 T do_exit
c3e079f4 T ext_format
c3e07af8 T do_ext3_format
c3e07b08 T do_ext2_format
c3e07b18 T do_ext2load
c3e07e58 T do_ext2ls
c3e07f8c T LCD_turnon
c3e07f90 T LCD_setfgcolor
c3e07f94 T LCD_setleftcolor
c3e07f98 T LCD_setprogress
c3e07f9c t reset_handler
c3e07fb8 T fastboot_flash_get_ptn
c3e07fdc T fastboot_flash_get_ptn_count
c3e07fec T fastboot_flash_find_ptn
c3e08060 T fastboot_flash_dump_ptn
c3e081cc T fastboot_flash_add_ptn
c3e0820c t memparse
c3e08274 t set_partition_table
c3e08754 t write_to_ptn_sdmmc
c3e08ce0 T do_fastboot
c3e09328 t T.116
c3e0956c t rx_handler
c3e09ff0 T do_fat_format
c3e0a0d4 T do_fat_fsinfo
c3e0a1d4 T do_fat_ls
c3e0a2d4 T do_fat_fsload
c3e0a46c T do_help
c3e0a4b8 t evalstr
c3e0a4d4 t evalexp
c3e0a540 T binary_test
c3e0a720 T do_itest
c3e0a7b0 T ktrans
c3e0a7d0 T chk1
c3e0a800 t bin_data_init
c3e0a818 t bin_data_char
c3e0a838 T k_data_init
c3e0a858 T k_data_save
c3e0a878 T k_data_restore
c3e0a894 T k_data_char
c3e0a8e4 T send_pad
c3e0a914 T s1_sendpacket
c3e0a940 T handle_send_packet
c3e0ab04 T send_nack
c3e0ab64 T send_ack
c3e0abc4 t load_serial_ymodem
c3e0accc t getcxmodem
c3e0acec T do_load_serial_bin
c3e0b150 t load_serial
c3e0b340 T do_load_serial
c3e0b420 T do_mem_crc
c3e0b4c4 T do_mem_base
c3e0b508 T do_mem_mtest
c3e0b6ac T do_mem_loop
c3e0b7a4 T do_mem_cp
c3e0b874 T do_mem_cmp
c3e0ba08 T do_mem_mw
c3e0bac4 t mod_mem
c3e0bc0c T do_mem_nm
c3e0bc2c T do_mem_mm
c3e0bc4c T do_mem_md
c3e0bd24 T do_sleep
c3e0bda4 T do_mmcinfo
c3e0bf78 T do_mmcops
c3e0c380 T do_emmc
c3e0c510 T calc_unit
c3e0c568 T encode_chs
c3e0c588 T get_SDInfo
c3e0c670 T make_partitionInfo
c3e0c874 T get_mmc_mbr
c3e0c8d4 T get_mmc_block_count
c3e0c918 T put_mmc_mbr
c3e0c9a4 T decode_partitionInfo
c3e0c9e4 T get_mmc_part_info
c3e0ca88 T print_mmc_part_info
c3e0cc2c T encode_partitionInfo
c3e0cca4 T make_mmc_partition
c3e0d064 T create_mmc_fdisk
c3e0d0fc T do_fdisk
c3e0d190 T do_movi
c3e0d63c t INIT_LIST_HEAD
c3e0d648 t __list_add
c3e0d65c t list_add_tail
c3e0d668 t list_del
c3e0d688 t list_empty
c3e0d69c T device_find
c3e0d6e8 t mtd_part_info
c3e0d77c t index_partitions
c3e0d830 t memsize_format
c3e0d88c t current_save
c3e0d93c t part_sort_add
c3e0da60 t part_delall
c3e0da98 t device_del
c3e0dafc t memsize_parse
c3e0db64 T mtd_id_parse
c3e0dc78 T find_dev_and_part
c3e0de28 t get_mtd_info
c3e0dea8 t part_validate
c3e0e108 t device_parse
c3e0e5c0 T mtd_device_validate
c3e0e5f4 t T.183
c3e0e644 t mtd_devices_init
c3e0e668 T mtdparts_init
c3e0ec38 T do_chpart
c3e0ed00 t T.182
c3e0efd0 T do_mtdparts
c3e0f564 T do_ping
c3e0f5e4 t netboot_common
c3e0f8ec T do_nfs
c3e0f8f8 T do_tftpb
c3e0f904 T do_bootp
c3e0f910 T get_env_id
c3e0f920 t do_env
c3e0f980 t do_env_delete
c3e0f998 t do_env_import
c3e0fbd4 t do_env_default
c3e0fc1c T envmatch
c3e0fc7c T getenv_f
c3e0fd34 T do_env_save
c3e0fd60 T getenv
c3e0fdbc t env_print
c3e0fe3c T do_env_print
c3e0fec0 T _do_env_set
c3e10260 T do_env_set
c3e1027c T setenv
c3e102c8 t do_env_export
c3e104c0 T do_env_edit
c3e10528 T do_reginfo
c3e10530 t __fswab32
c3e1054c T source
c3e10674 T do_source
c3e106bc T do_false
c3e106c4 T do_true
c3e106cc T do_test
c3e10b3c T usb_get_class_desc
c3e10be4 T usb_display_ep_desc
c3e10ca0 T usb_display_class_sub
c3e10e14 T usb_show_tree_graph
c3e11034 T usb_show_tree
c3e11068 T usb_display_desc
c3e11190 T usb_display_string
c3e111d0 T usb_display_if_desc
c3e11258 T usb_display_conf_desc
c3e11304 T usb_display_config
c3e11394 T do_usb
c3e11574 T do_usbd_dnw
c3e11684 T do_version
c3e116a4 T do_imgextract
c3e11980 T cmd_get_data_size
c3e119d0 T cmd_usage
c3e11a2c T find_cmd_tbl
c3e11ac8 T find_cmd
c3e11af4 T _do_help
c3e11c74 t console_setfile
c3e11d14 T fgetc
c3e11d3c T ftstc
c3e11d64 T fputc
c3e11d90 T fputs
c3e11dbc T disable_ctrlc
c3e11dd4 T had_ctrlc
c3e11de4 T clear_ctrlc
c3e11df8 T dbg
c3e11e04 T console_init_f
c3e11e14 T search_device
c3e11e3c T console_assign
c3e11e7c T fprintf
c3e11ecc T puts
c3e11ee8 T vprintf
c3e11f1c T printf
c3e11f64 T stdio_print_current_devices
c3e1201c T console_init_r
c3e120fc T serial_printf
c3e12144 T putc
c3e12160 T tstc
c3e12178 T getc
c3e12190 T ctrlc
c3e121dc T check_compress_ext4
c3e122c8 T write_compressed_ext4
c3e1239c T malloc_usable_size
c3e123e0 T mallopt
c3e12450 T mem_malloc_init
c3e12480 T sbrk
c3e124d8 T malloc_trim
c3e125a8 T free
c3e127d0 T cfree
c3e127d4 T malloc
c3e12e04 T memalign
c3e12f14 T pvalloc
c3e12f2c T valloc
c3e12f38 T calloc
c3e13018 T realloc
c3e13490 T env_get_char_spec
c3e1349c T env_init
c3e134b8 t use_default
c3e1354c T env_relocate_spec_movinand
c3e135a0 T env_relocate_spec
c3e135fc T saveenv_movinand
c3e13680 T saveenv
c3e136d4 T env_get_addr
c3e136f8 T env_get_char_memory
c3e13708 T set_default_env
c3e137a0 T env_relocate
c3e137d0 T env_import
c3e13894 T env_get_char
c3e138c4 t dummy
c3e138c8 T get_version
c3e138d0 T jumptable_init
c3e13a98 t b_reset
c3e13ab4 T simple_itoa
c3e13b0c t static_get
c3e13b28 t static_peek
c3e13b34 t file_peek
c3e13b40 t setup_string_in_str
c3e13b6c t indenter
c3e13b7c t is_assignment
c3e13bd4 T mapset
c3e13c00 t syntax_err
c3e13c0c T do_showvar
c3e13cf4 T u_boot_hush_start
c3e13d48 t xmalloc
c3e13d68 T new_pipe
c3e13d90 t file_get
c3e13f58 t free_pipe_list
c3e14038 t b_free
c3e1405c T unset_local_var
c3e140f8 t xrealloc
c3e14118 t done_command
c3e141a0 t initialize_context
c3e141dc t done_pipe
c3e14228 T reserved_word
c3e14360 t done_word
c3e144d4 t insert_var_value
c3e14680 T set_local_var
c3e14834 T update_ifs_map
c3e148a4 t b_addchr
c3e1491c t b_addqchr
c3e14968 t parse_stream_outer
c3e14f38 T parse_file_outer
c3e14f7c T parse_string_outer
c3e15044 t run_list_real
c3e15830 t __fswab32
c3e1584c t image_get_data
c3e15854 t image_check_type
c3e15868 T image_multi_count
c3e15890 T get_table_entry_name
c3e158bc T genimg_get_os_name
c3e158d4 T genimg_get_arch_name
c3e158ec T genimg_get_type_name
c3e15904 T genimg_get_comp_name
c3e1591c T genimg_get_image
c3e15920 T genimg_has_config
c3e15928 T getenv_yesno
c3e1594c T getenv_bootm_low
c3e1597c T get_table_entry_id
c3e159c8 T genimg_get_comp_id
c3e159e0 T genimg_get_type_id
c3e159f8 T genimg_get_arch_id
c3e15a10 T genimg_get_os_id
c3e15a28 t image_check_magic
c3e15a4c T genimg_get_format
c3e15a60 t image_get_data_size
c3e15a68 t image_get_load
c3e15a70 T image_multi_getimg
c3e15af8 T genimg_print_size
c3e15b28 T image_print_contents
c3e15cbc T memmove_wd
c3e15cc8 T boot_ramdisk_high
c3e15df4 T getenv_bootm_size
c3e15e50 T image_check_dcrc
c3e15e98 T image_check_hcrc
c3e15eec T boot_get_ramdisk
c3e16140 T __show_boot_progress
c3e16140 W show_boot_progress
c3e16144 T parse_line
c3e161d0 T do_run
c3e16240 T run_command
c3e16610 t delete_char
c3e166ec t cread_add_char
c3e167d8 t cread_add_str
c3e1682c T readline_into_buffer
c3e17074 T readline
c3e17090 T main_loop
c3e17184 T get_ram_size
c3e1728c t hex1_bin
c3e172cc t hex2_bin
c3e17300 T srec_decode
c3e17564 T __default_serial_console
c3e17564 W default_serial_console
c3e17570 T serial_register
c3e17590 T serial_reinit_all
c3e175bc T serial_init
c3e175fc T serial_setbrg
c3e1763c T serial_getc
c3e1767c T serial_tstc
c3e176bc T serial_putc
c3e17704 T serial_puts
c3e1774c T serial_assign
c3e17798 T serial_initialize
c3e177d8 T serial_stdio_init
c3e17864 T stdio_get_list
c3e17870 T stdio_clone
c3e178b8 T stdio_get_by_name
c3e1790c T stdio_register
c3e1794c T stdio_init
c3e179dc T usb_disable_asynch
c3e179f4 T usb_maxpacket
c3e17a18 t usb_set_maxpacket_ep
c3e17a88 T usb_set_maxpacket
c3e17aec T usb_get_dev_index
c3e17b18 T usb_hub_reset
c3e17b2c T usb_hub_allocate
c3e17b70 T usb_alloc_new_device
c3e17c0c T usb_parse_config
c3e17d5c T usb_submit_int_msg
c3e17d60 T usb_stop
c3e17d9c T wait_ms
c3e17dc0 T usb_bulk_msg
c3e17e24 T usb_control_msg
c3e17ef4 T usb_get_port_status
c3e17f50 T usb_get_hub_status
c3e17fa8 T usb_set_port_feature
c3e18000 T usb_clear_port_feature
c3e18058 T usb_clear_hub_feature
c3e180ac T usb_get_hub_descriptor
c3e18108 T usb_get_string
c3e18190 t usb_string_sub
c3e1828c T usb_string
c3e18388 T usb_get_class_descriptor
c3e183ec T usb_get_report
c3e18450 T usb_set_idle
c3e184ac T usb_set_protocol
c3e18504 T usb_set_configuration
c3e18570 T usb_set_interface
c3e1863c T usb_set_address
c3e18684 T usb_get_descriptor
c3e186e4 T usb_get_configuration_no
c3e1877c T usb_clear_halt
c3e18824 t usb_hub_power_on
c3e18868 t hub_port_reset
c3e18908 T usb_hub_port_connect_change
c3e18a00 T usb_hub_configure
c3e18c18 T usb_hub_probe
c3e18c74 T usb_new_device
c3e18f18 T usb_scan_devices
c3e18f8c T usb_init
c3e19008 T parse_num
c3e19144 T xyzModem_error
c3e19164 T xyzModem_stream_close
c3e191b4 T CYGACC_COMM_IF_PUTC
c3e191bc T CYGACC_COMM_IF_GETC_TIMEOUT
c3e19214 t xyzModem_flush
c3e1923c T xyzModem_stream_terminate
c3e19310 t xyzModem_get_hdr
c3e1958c T xyzModem_stream_read
c3e19820 T xyzModem_stream_open
c3e19984 T get_partition_info
c3e199a8 T init_part
c3e199c4 T get_dev
c3e19a30 T print_part
c3e19b18 T dev_print
c3e19d2c t le32_to_int
c3e19d50 t is_extended
c3e19d70 T test_part_dos
c3e19dc4 t get_partition_info_extended
c3e1a020 T get_partition_info_dos
c3e1a040 t print_partition_extended
c3e1a228 T print_part_dos
c3e1a254 T gpio_cfg_pin
c3e1a270 T gpio_direction_output
c3e1a2a8 T gpio_direction_input
c3e1a2b0 T gpio_set_value
c3e1a2d0 T gpio_get_value
c3e1a2e8 T gpio_set_pull
c3e1a30c T gpio_set_drv
c3e1a32c T gpio_set_rate
c3e1a354 t __fswab32
c3e1a370 t INIT_LIST_HEAD
c3e1a37c T __board_mmc_getcd
c3e1a37c W board_mmc_getcd
c3e1a384 T mmc_send_cmd
c3e1a394 T mmc_set_blocklen
c3e1a3cc T mmc_read_block
c3e1a430 T mmc_send_ext_csd
c3e1a480 T mmc_switch
c3e1a4c4 T mmc_change_freq
c3e1a590 T sd_switch
c3e1a5fc T mmc_set_ios
c3e1a60c T mmc_set_clock
c3e1a62c T mmc_set_bus_width
c3e1a634 T mmc_send_if_cond
c3e1a6b0 W cpu_mmc_init
c3e1a6b0 t __def_mmc_init
c3e1a6b8 T emmc_boot_partition_size_change
c3e1a7a8 T emmc_boot_open
c3e1a828 T emmc_boot_close
c3e1a868 T mmc_erase
c3e1ac14 T print_mmc_devices
c3e1ac7c T find_mmc_device
c3e1acc8 T mmc_get_dev
c3e1acdc t feedback_delay
c3e1ae00 t mmc_bwrite
c3e1b000 T movi_write
c3e1b004 t mmc_bread
c3e1b1e0 T movi_read
c3e1b1e4 T sd_send_op_cond
c3e1b2e0 T mmc_go_idle
c3e1b334 T mmc_send_op_cond
c3e1b3d4 t lldiv
c3e1b40c T mmc_read
c3e1b540 T sd_change_freq
c3e1b700 T mmc_startup
c3e1bdbc T mmc_init
c3e1be3c T mmc_initialize
c3e1bee4 T mmc_register
c3e1bf54 t sdhci_change_clock
c3e1bfe8 t s3c_hsmmc_set_ios
c3e1c040 t s3c_hsmmc_send_command
c3e1c308 T smdk_s3c_hsmmc_init
c3e1c3a8 t T.46
c3e1c408 t s3c_hsmmc_init
c3e1c458 t mshci_writel
c3e1c464 t mshci_readl
c3e1c470 t mshci_set_mdma_desc
c3e1c48c t mshci_clock_onoff
c3e1c59c t mshci_change_clock
c3e1c6e4 t s5p_mshc_set_ios
c3e1c784 t mshci_reset_fifo
c3e1c7dc t s5c_mshc_init
c3e1c9dc t s5p_mshc_send_command
c3e1ce1c T smdk_s5p_mshc_init
c3e1cedc T get_mtd_device
c3e1cf54 T put_mtd_device
c3e1cf80 T del_mtd_device
c3e1cfd0 T add_mtd_device
c3e1d03c T get_mtd_device_nm
c3e1d0a0 t s3c_read_cmd
c3e1d0b8 t s3c_write_cmd
c3e1d0d0 t s3c_mem_addr
c3e1d0e0 t s3c_onenand_reset
c3e1d134 t s3c_onenand_command
c3e1d370 t s3c_get_bufferram
c3e1d3bc t s3c_onenand_bbt_wait
c3e1d434 T s3c_onenand_init
c3e1d550 t onenand_write_bufferram
c3e1d578 t onenand_read_bufferram
c3e1d5a0 t s3c_onenand_check_lock_status
c3e1d628 t s3c_onenand_wait
c3e1d720 t s3c_onenand_writew
c3e1d7ec t s3c_onenand_readw
c3e1d93c t s3c_onenand_unlock_all
c3e1da44 W pkt_data_pull
c3e1da44 t smc911x_reg_read
c3e1da5c W pkt_data_push
c3e1da5c t smc911x_reg_write
c3e1da78 t smc911x_get_mac_csr
c3e1dacc t smc911x_set_mac_csr
c3e1db28 T smc911x_initialize
c3e1dca4 t smc911x_send
c3e1ddb4 t smc911x_rx
c3e1deb0 t smc911x_reset
c3e1dfb8 t smc911x_halt
c3e1dfbc t T.45
c3e1e020 t smc911x_init
c3e1e1e0 T serial_setbrg_dev
c3e1e230 T serial_init_dev
c3e1e270 t serial_err_check
c3e1e290 T serial_getc_dev
c3e1e2d8 T serial_tstc_dev
c3e1e2ec T s5p_serial0_init
c3e1e2f4 T s5p_serial0_setbrg
c3e1e2fc T s5p_serial0_getc
c3e1e304 T s5p_serial0_tstc
c3e1e30c T s5p_serial1_init
c3e1e314 T s5p_serial1_setbrg
c3e1e31c T s5p_serial1_getc
c3e1e324 T s5p_serial1_tstc
c3e1e32c T s5p_serial2_init
c3e1e334 T s5p_serial2_setbrg
c3e1e33c T s5p_serial2_getc
c3e1e344 T s5p_serial2_tstc
c3e1e34c T s5p_serial3_init
c3e1e354 T s5p_serial3_setbrg
c3e1e35c T s5p_serial3_getc
c3e1e364 T s5p_serial3_tstc
c3e1e36c T serial_putc_dev
c3e1e3c4 T s5p_serial3_putc
c3e1e3cc T s5p_serial2_putc
c3e1e3d4 T s5p_serial1_putc
c3e1e3dc T s5p_serial0_putc
c3e1e3e4 T serial_puts_dev
c3e1e414 T s5p_serial3_puts
c3e1e41c T s5p_serial2_puts
c3e1e424 T s5p_serial1_puts
c3e1e42c T s5p_serial0_puts
c3e1e434 T fboot_usb_set_descriptors
c3e1e588 T fastboot_fifo_size
c3e1e5a4 T fastboot_getvar
c3e1e5ac T s3c_usb_phy_off
c3e1e5d8 T s3c_usb_core_soft_reset
c3e1e5fc T s3c_usb_init_core
c3e1e618 T s3c_usb_check_current_mode
c3e1e630 T s3c_usb_set_soft_disconnect
c3e1e648 T s3c_usb_clear_soft_disconnect
c3e1e660 T s3c_usb_init_device
c3e1e68c T s3c_usbc_activate
c3e1e694 T s3c_usb_stop
c3e1e6a8 T fastboot_shutdown
c3e1e6ac T s3c_usb_set_inep_xfersize
c3e1e6e0 T s3c_usb_set_outep_xfersize
c3e1e714 T s3c_usb_write_ep0_fifo
c3e1e764 T s3c_usb_write_in_fifo
c3e1e7b4 T s3c_usb_read_out_fifo
c3e1e800 T s3c_usb_get_desc
c3e1e920 T s3c_usb_clear_feature
c3e1e990 T s3c_usb_set_feature
c3e1eae8 T s3c_usb_get_status
c3e1eb80 T s3c_usb_ep0_int_hndlr
c3e1ece4 T s3c_usb_set_otherspeed_conf_desc
c3e1ed60 T s3c_usb_transfer_ep0
c3e1f1f4 T s3c_usb_int_bulkin
c3e1f2dc T s3c_usb_upload_start
c3e1f434 T s3c_usb_download_start
c3e1f550 T s3c_usb_dma_in_done
c3e1f5e8 T s3c_usb_set_all_outep_nak
c3e1f610 T s3c_usb_clear_all_outep_nak
c3e1f638 T s3c_usb_set_max_pktsize
c3e1f674 T s3c_usb_set_endpoint
c3e1f6a4 T s3c_usb_set_descriptors
c3e1f7f4 T s3c_usb_check_speed
c3e1f80c T s3c_usb_clear_dnfile_info
c3e1f828 T s3c_usb_clear_upfile_info
c3e1f844 T s3c_usb_check_setconf
c3e1f85c T s3c_usb_set_opmode
c3e1f8cc T s3c_usb_reset
c3e1f92c T s3c_usb_set_init
c3e1f9a8 T s3c_usb_verify_checksum
c3e1fa48 T s3c_usb_download_continue
c3e1faf4 T s3c_usb_int_bulkout
c3e1fb1c T s3c_usb_print_pkt
c3e1fb68 T fboot_usb_int_bulkout
c3e1fbf0 T s3c_usb_pkt_receive
c3e1fc78 T s3c_usb_dma_out_done
c3e1fd1c T s3c_usb_wait_cable_insert
c3e1fd6c T s3c_usb_init_phy
c3e1fdb8 T s3c_usbctl_init
c3e1fe44 T fboot_usbctl_init
c3e1fe64 T fboot_usb_int_bulkin
c3e1fef0 T s3c_usb_transfer
c3e1fffc T s3c_udc_int_hndlr
c3e200b8 T fboot_usb_int_hndlr
c3e200bc T fastboot_poll
c3e20110 T fastboot_tx_status
c3e2015c T fastboot_init
c3e20238 t td_alloc
c3e20274 T rh_check_port_status
c3e2027c T submit_common_msg
c3e20284 T submit_bulk_msg
c3e2028c T submit_control_msg
c3e20294 T submit_int_msg
c3e2029c T usb_lowlevel_init
c3e202a4 T usb_lowlevel_stop
c3e202ac t T.68
c3e202ec t T.69
c3e20394 T sohci_submit_job
c3e208b0 T get_random_val
c3e208c8 T default_journal_size
c3e20908 T ext2fs_format
c3e22e44 T ext2fs_free_node
c3e22e64 T ext2fs_close
c3e22f18 t ext2fs_read_inode
c3e22fe4 T ext2fs_mount
c3e23098 T ext2fs_read_file
c3e2356c T ext2fs_read
c3e235a4 t ext2fs_iterate_dir
c3e23818 T ext2fs_find_file1
c3e23aa0 T ext2fs_find_file
c3e23b1c T ext2fs_open
c3e23bb0 T ext2fs_ls
c3e23c24 T ext2fs_devread
c3e23dfc T ext2fs_set_blk_dev
c3e23e48 t downcase
c3e23e78 t disk_read
c3e23ec4 t setstr
c3e23ef4 t dirdelim
c3e23f28 t compare_sign
c3e23f58 t get_fatent
c3e240ac t slot2str
c3e24170 t mkcksum
c3e241a0 t read_bootsectandvi
c3e24294 T file_fat_detectfs
c3e243e0 t get_cluster
c3e24480 t get_vfatname
c3e24638 t get_name
c3e246f4 T do_fat_read
c3e25060 T file_fat_read
c3e25098 T file_fat_ls
c3e250a8 T fat_register_device
c3e251e0 T fat_format_device
c3e25820 T file_getfsname
c3e25838 T file_read
c3e258d8 T file_ls
c3e25968 T file_detectfs
c3e259b4 T file_cd
c3e25bb8 T cyg_crc16
c3e25bfc T crc32_no_comp
c3e25ce8 T crc32
c3e25cfc T crc32_wd
c3e25d00 T print_size
c3e25dec T display_options
c3e25e0c T print_buffer
c3e25f74 T __div64_32
c3e26068 T zunzip
c3e26158 T gunzip
c3e2620c T zfree
c3e26214 T zalloc
c3e26224 T hdestroy_r
c3e26298 T hdestroy
c3e262a4 T hcreate_r
c3e2634c T hcreate
c3e26358 T hexport_r
c3e26598 T hexport
c3e265b4 t cmpkey
c3e265c8 T hsearch_r
c3e2688c T hdelete_r
c3e26914 T hdelete
c3e26920 T himport_r
c3e26b74 T himport
c3e26ba0 T hsearch
c3e26bd0 T lmb_dump_all
c3e26bd4 t lmb_addrs_adjacent
c3e26bf8 t lmb_remove_region
c3e26c34 T lmb_init
c3e26c5c t lmb_add_region
c3e26e30 T lmb_add
c3e26e34 T lmb_free
c3e26f28 T lmb_reserve
c3e26f30 T lmb_overlaps_region
c3e26f84 t lmb_align_down
c3e26f90 T __lmb_alloc_base
c3e270ac T lmb_is_reserved
c3e2710c T __board_lmb_reserve
c3e2710c W board_lmb_reserve
c3e27110 T __arch_lmb_reserve
c3e27114 T lmb_alloc_base
c3e27148 T lmb_alloc
c3e27150 T ldiv
c3e271a0 T string_to_ip
c3e27218 T qsort
c3e2733c T strcpy
c3e27358 T strncpy
c3e27380 T strcat
c3e273b0 T strncat
c3e2740c T strcmp
c3e2743c T strncmp
c3e27484 T strchr
c3e274b0 T strlen
c3e274d0 T strrchr
c3e27508 T strnlen
c3e27530 T strspn
c3e27574 T strpbrk
c3e275ac T strtok
c3e27628 T strsep
c3e2765c T strswab
c3e276a4 T memset
c3e27718 T bcopy
c3e27740 T memcpy
c3e277ac T memmove
c3e27808 T memcmp
c3e27840 T memscan
c3e27870 T strstr
c3e278d0 T memchr
c3e278fc T strdup
c3e27930 T strmhz
c3e2799c T udelay
c3e279c8 t __toupper
c3e279e4 t pack_hex_byte
c3e27a0c T simple_strtoul
c3e27ac8 T simple_strtol
c3e27af0 T ustrtoul
c3e27b64 T simple_strtoull
c3e27c44 t skip_atoi
c3e27c7c t put_dec_trunc
c3e27d40 T panic
c3e27d8c t string
c3e27e34 t put_dec
c3e27f4c t number
c3e28180 T vsprintf
c3e28794 T sprintf
c3e287b8 T inflate_fast
c3e28cd4 T inflate_table
c3e2923c T inflateReset
c3e292bc T inflateInit2_
c3e293b8 T inflateInit_
c3e293c8 T inflateEnd
c3e2942c T adler32
c3e29728 T zcfree
c3e29730 T zcalloc
c3e29738 T inflate
c3e2ae80 t __fswab16
c3e2ae90 t __fswab32
c3e2aeac t truncate_sz
c3e2aee0 t NetCopyIP
c3e2aee8 t NetReadLong
c3e2af04 t BootpHandler
c3e2b238 t T.68
c3e2b254 T BootpRequest
c3e2b454 t BootpTimeout
c3e2b498 t is_valid_ether_addr
c3e2b4dc W cpu_eth_init
c3e2b4dc t __def_eth_init
c3e2b4e4 T eth_get_dev
c3e2b4f4 T eth_get_dev_by_index
c3e2b538 T eth_get_dev_index
c3e2b584 T eth_halt
c3e2b5b8 T eth_send
c3e2b5ec T eth_rx
c3e2b618 T eth_get_name
c3e2b638 T eth_get_dev_by_name
c3e2b68c T eth_set_current
c3e2b730 T eth_try_another
c3e2b7e0 T eth_register
c3e2b870 T eth_setenv_enetaddr
c3e2b8a8 T eth_parse_enetaddr
c3e2b900 T eth_getenv_enetaddr
c3e2b920 T eth_getenv_enetaddr_by_index
c3e2b968 T eth_init
c3e2ba28 T eth_initialize
c3e2bce4 t __fswab16
c3e2bcf4 t startAgainTimeout
c3e2bd08 t startAgainHandler
c3e2bd0c T NetSetHandler
c3e2bd1c T NetCksum
c3e2bd58 T NetCksumOk
c3e2bd78 T copy_filename
c3e2bdd0 T string_to_VLAN
c3e2be14 T getenv_VLAN
c3e2be24 T NetEthHdrSize
c3e2be60 T VLAN_to_string
c3e2beb4 T ip_to_string
c3e2befc T random_port
c3e2bf18 T NetSetTimeout
c3e2bf48 t NetCopyIP
c3e2bf50 T NetSetIP
c3e2c034 T NetSetEther
c3e2c0e0 t NetReadIP
c3e2c0fc t PingHandler
c3e2c124 t NetWriteIP
c3e2c140 T NetSendPacket
c3e2c144 T NetReceive
c3e2c5c8 T ArpRequest
c3e2c6b0 T PingSend
c3e2c7dc T NetSendUDPPacket
c3e2c91c t PingTimeout
c3e2c938 T NetStartAgain
c3e2ca40 T ArpTimeoutCheck
c3e2cab0 t getenv_IPaddr
c3e2cac0 T NetLoop
c3e2ceac t __fswab32
c3e2cec8 t basename
c3e2cf04 t dirname
c3e2cf24 t rpc_add_credentials
c3e2d008 t rpc_lookup_reply
c3e2d0b4 t nfs_mount_reply
c3e2d150 t nfs_umountall_reply
c3e2d1d0 t nfs_lookup_reply
c3e2d264 t rpc_req
c3e2d364 t rpc_lookup_req
c3e2d3c4 t nfs_mount_req
c3e2d45c t nfs_umountall_req
c3e2d4b4 t nfs_lookup_req
c3e2d568 t nfs_read_req
c3e2d5e8 t nfs_readlink_req
c3e2d640 t NfsSend
c3e2d6d4 T NfsStart
c3e2d8fc t nfs_readlink_reply
c3e2d9e8 t nfs_read_reply
c3e2db2c t NfsHandler
c3e2dd0c t NfsTimeout
c3e2dd64 t __fswab16
c3e2dd74 t TftpSend
c3e2df04 T TftpStart
c3e2e1e0 t TftpTimeout
c3e2e244 t TftpHandler
c3e2e508 T raise
c3e2e510 T __aeabi_unwind_cpp_pr0
c3e2e514 T __udivsi3
c3e2e514 t .udivsi3_nodiv0
c3e2e514 t __aeabi_uidiv
c3e2e700 t __aeabi_uidivmod
c3e2e720 T __divsi3
c3e2e720 t __aeabi_idiv
c3e2e728 t .divsi3_nodiv0
c3e2e940 t __aeabi_idivmod
c3e2e960 T __lshrdi3
c3e2e960 t __aeabi_llsr
c3e2e97c T __ashrdi3
c3e2e97c t __aeabi_lasr
c3e2e998 T __ashldi3
c3e2e998 t __aeabi_llsl
c3e2e9b4 t __aeabi_uldivmod
c3e2e9f0 t __aeabi_idiv0
c3e2e9f0 t __aeabi_ldiv0
c3e2ea00 t __gnu_uldivmod_helper
c3e2ea40 T __gnu_ldivmod_helper
c3e2ea80 t __divdi3
c3e2ef00 t __udivdi3
c3e2f32c R sha1_digest_emptymsg
c3e2f340 R version_string
c3e2f378 r C.33.3019
c3e2f3f8 r boot_os
c3e2f454 r __func__.3629
c3e2f464 r __func__.3552
c3e2f474 r CSWTCH.49
c3e2f4cc r __func__.3187
c3e2f4dc r __func__.3211
c3e2f4e8 r CSWTCH.58
c3e2f508 r block_drvr
c3e2f518 r CSWTCH.74
c3e2f538 r CSWTCH.75
c3e2f558 r __func__.3860
c3e2f56c r chip_ids
c3e2f5cc r udivslot
c3e2f60c R config_full
c3e2f618 R config_full_total
c3e2f638 R dnw_string_desc2
c3e2f664 R dnw_string_desc1
c3e2f67c R fboot_string_desc3
c3e2f698 R fboot_string_desc2
c3e2f6b0 R fboot_string_desc1
c3e2f6c8 R string_desc0
c3e2f6cc R qualifier_desc
c3e2f6d8 R config_high
c3e2f6e4 R config_high_total
c3e2f704 R fboot_qualifier_desc
c3e2f710 r filesystems
c3e2f728 r crc16_tab
c3e2f928 r crc_table
c3e2fd28 r names.3147
c3e2fd30 R hex_asc
c3e2fd44 r digits.3322
c3e2fd54 r lext.3657
c3e2fd94 r lbase.3656
c3e2fdd4 r dext.3659
c3e2fe14 r dbase.3658
c3e2fe54 r lenfix
c3e30654 r distfix
c3e306d4 r order.3963
c3e306fc R z_errmsg
c3e3c000 R mmu_table
c3e40020 D second_boot_info
c3e40024 D s5p_cpu_id
c3e40028 D init_sequence
c3e40044 D nr_dram_banks
c3e40048 D load_addr
c3e4004c d cmd_bootm_sub
c3e400f4 d static_pcount
c3e400f8 d interface
c3e40114 D op_table
c3e4017c d do_echo
c3e40180 D dp_last_length
c3e40184 d env_id
c3e40188 d cmd_env_sub
c3e40260 d trim_threshold
c3e40264 d mmap_threshold
c3e40268 d av_
c3e40670 d sbrk_base
c3e40674 D env_name_spec
c3e40678 D default_environment
c3e40770 D default_environment_size
c3e40774 d blanks.3652
c3e4079c d reserved_list
c3e40820 d uimage_os
c3e4088c d uimage_arch
c3e40970 d uimage_type
c3e40a00 d uimage_comp
c3e40a48 d erase_seq
c3e40a4c d tab_seq
c3e40a58 d hist_cur
c3e40a5c D stdio_names
c3e40a68 d cur_dev_num
c3e40a6c D fbase
c3e40a7c D multipliers
c3e40abc D s5p_serial0_device
c3e40af4 D s5p_serial1_device
c3e40b2c D s5p_serial2_device
c3e40b64 D s5p_serial3_device
c3e40ba0 D test_pkt
c3e40bd8 D ptable_default
c3e40cf0 D ptable_default_size
c3e40cf8 D indir1_blkno
c3e40cfc D indir2_blkno
c3e40d00 d cur_part
c3e40d04 d current_filesystem
c3e40d08 D file_cwd
c3e40f08 D _ctype
c3e41008 D NetOurVLAN
c3e4100a D NetOurNativeVLAN
c3e4100c D NetBcastAddr
c3e41014 d nfs_offset
c3e41018 d TftpTimeoutMSecs
c3e4101c d TftpBlkSizeOption
c3e41020 d TftpTimeoutCountMax
c3e41024 D TftpRRQTimeoutCountMax
c3e41028 d TftpBlkSize
c3e4102c D TftpRRQTimeoutMSecs
c3e4103c A __u_boot_cmd_start
c3e4103c D __u_boot_cmd_bdinfo
c3e41054 D __u_boot_cmd_go
c3e4106c D __u_boot_cmd_reset
c3e41084 D __u_boot_cmd_bootm
c3e4109c D __u_boot_cmd_boot
c3e410b4 D __u_boot_cmd_bootd
c3e410cc D __u_boot_cmd_iminfo
c3e410e4 D __u_boot_cmd_icache
c3e410fc D __u_boot_cmd_dcache
c3e41114 D __u_boot_cmd_coninfo
c3e4112c D __u_boot_cmd_echo
c3e41144 D __u_boot_cmd_bootelf
c3e4115c D __u_boot_cmd_bootvx
c3e41174 D __u_boot_cmd_exit
c3e4118c D __u_boot_cmd_ext2ls
c3e411a4 D __u_boot_cmd_ext2load
c3e411bc D __u_boot_cmd_ext2format
c3e411d4 D __u_boot_cmd_ext3format
c3e411ec D __u_boot_cmd_fastboot
c3e41204 D __u_boot_cmd_fatload
c3e4121c D __u_boot_cmd_fatls
c3e41234 D __u_boot_cmd_fatinfo
c3e4124c D __u_boot_cmd_fatformat
c3e41264 D __u_boot_cmd_help
c3e4127c D __u_boot_cmd_question_mark
c3e41294 D __u_boot_cmd_itest
c3e412ac D __u_boot_cmd_loads
c3e412c4 D __u_boot_cmd_loadb
c3e412dc D __u_boot_cmd_loady
c3e412f4 D __u_boot_cmd_md
c3e4130c D __u_boot_cmd_mm
c3e41324 D __u_boot_cmd_nm
c3e4133c D __u_boot_cmd_mw
c3e41354 D __u_boot_cmd_cp
c3e4136c D __u_boot_cmd_cmp
c3e41384 D __u_boot_cmd_crc32
c3e4139c D __u_boot_cmd_base
c3e413b4 D __u_boot_cmd_loop
c3e413cc D __u_boot_cmd_mtest
c3e413e4 D __u_boot_cmd_sleep
c3e413fc D __u_boot_cmd_mmcinfo
c3e41414 D __u_boot_cmd_emmc
c3e4142c D __u_boot_cmd_mmc
c3e41444 D __u_boot_cmd_fdisk
c3e4145c D __u_boot_cmd_movi
c3e41474 D __u_boot_cmd_chpart
c3e4148c D __u_boot_cmd_mtdparts
c3e414a4 D __u_boot_cmd_bootp
c3e414bc D __u_boot_cmd_tftpboot
c3e414d4 D __u_boot_cmd_nfs
c3e414ec D __u_boot_cmd_ping
c3e41504 D __u_boot_cmd_saveenv
c3e4151c D __u_boot_cmd_env
c3e41534 D __u_boot_cmd_editenv
c3e4154c D __u_boot_cmd_printenv
c3e41564 D __u_boot_cmd_setenv
c3e4157c D __u_boot_cmd_run
c3e41594 D __u_boot_cmd_reginfo
c3e415ac D __u_boot_cmd_source
c3e415c4 D __u_boot_cmd_test
c3e415dc D __u_boot_cmd_false
c3e415f4 D __u_boot_cmd_true
c3e4160c D __u_boot_cmd_usb
c3e41624 D __u_boot_cmd_dnw
c3e4163c D __u_boot_cmd_version
c3e41654 D __u_boot_cmd_imxtract
c3e4166c D __u_boot_cmd_showvar
c3e41684 A __u_boot_cmd_end
c3e41684 B OmPin
c3e41684 B __bss_start
c3e41684 R __rel_dyn_start
c3e41688 b GPIO_pBase
c3e4168c B g_IntCnt
c3e41690 B raw_area_control
c3e4188c B get_uart_clk
c3e41890 B get_pwm_clk
c3e41894 B get_arm_clk
c3e41898 B get_pll_clk
c3e418a0 b count_value
c3e418a4 b lastdec
c3e418a8 b timestamp
c3e418b0 B monitor_flash_len
c3e418b4 b params
c3e418b8 b images
c3e419e8 b download_size
c3e419ec b download_bytes
c3e419f0 b download_error
c3e419f4 b pcount
c3e419f8 b ptable
c3e41c78 b gflag_reboot
c3e41c80 b os_data_state
c3e41c84 b os_data_addr
c3e41c88 b bin_start_address
c3e41c8c b k_data_escape
c3e41c90 B os_data_init
c3e41c94 b k_data_escape_saved
c3e41c98 b os_data_state_saved
c3e41c9c b os_data_addr_saved
c3e41ca0 B os_data_char
c3e41ca4 B his_quote
c3e41ca8 B his_pad_count
c3e41cac B his_pad_char
c3e41cad B his_eol
c3e41cb0 B send_ptr
c3e41cb4 B send_parms
c3e41cc8 b a_b
c3e41ce0 b base_address
c3e41ce4 B mm_last_addr
c3e41ce8 B mm_last_size
c3e41cec B dp_last_addr
c3e41cf0 B dp_last_size
c3e41cf4 B devices
c3e41cfc B current_mtd_dev
c3e41d00 B current_mtd_partnum
c3e41d04 b last_partition
c3e41d14 B mtdids
c3e41d1c b last_parts
c3e41f1c b initialized.4676
c3e41f20 b last_ids
c3e41fa0 b ctrlc_disabled
c3e41fa4 b ctrlc_was_pressed
c3e41fa8 b top_pad
c3e41fac b n_mmaps_max
c3e41fb0 B mem_malloc_start
c3e41fb4 B mem_malloc_end
c3e41fb8 B mem_malloc_brk
c3e41fbc b current_mallinfo
c3e41fe4 b max_sbrked_mem
c3e41fe8 b max_total_mem
c3e41fec B env_ptr
c3e41ff0 b local.3311
c3e42008 b map
c3e42108 b top_vars
c3e4210c b flag_repeat
c3e42110 b do_repeat
c3e42114 b the_command.3340
c3e42214 b buf.4025
c3e4223c B last_return_code
c3e42240 b ifs
c3e42244 B nesting_level
c3e42248 b initted.3449
c3e4224c b hist_max
c3e42250 b hist_add_idx
c3e42254 B hist_num
c3e42258 B hist_lines
c3e4366c B hist_list
c3e436bc B console_buffer
c3e437c0 b serial_devices
c3e437c4 b serial_current
c3e437c8 b devs
c3e43804 B stdio_devices
c3e43810 b asynch_allowed
c3e43814 b usb_dev
c3e47acc R __dynsym_start
c3e47acc R __rel_dyn_end
c3e4e114 b usb_hub_index
c3e4e118 b hub_dev
c3e4e218 b dev_index
c3e4e21c B usb_started
c3e4e220 b setup_packet
c3e4e228 b running
c3e4e22c b xyz
c3e4e668 b mmc_devices
c3e4e670 B mmc_channel
c3e4ebe8 B mmc_host
c3e4ed00 b idmac_desc
c3f4ed00 B mshc_channel
c3f4f278 B mshc_host
c3f4f390 B mtd_table
c3f4f410 b onenand
c3f4f414 B otg
c3f4f498 B remode_wakeup
c3f4f49c B get_status
c3f4f4a2 B config_value
c3f4f4a4 B get_intf
c3f4f4a8 B is_fastboot
c3f4f4ac B s3c_usbd_dn_addr
c3f4f4b0 B op_mode
c3f4f4b4 B s3c_usbd_dn_cnt
c3f4f4b8 B s3c_receive_done
c3f4f4bc b fastboot_bulk_fifo
c3f4f6c0 b fastboot_interface
c3f4f6c4 B speed
c3f4f6c8 B fboot_response_flag
c3f4f6cc B reply_msg
c3f4f6d0 B transfer_size
c3f4f6d4 b device_strings
c3f4f6ec b serial_number.3526
c3f4f70c B s3c_got_header
c3f4f710 B DNW
c3f4f800 B ptd
c3f4f804 B urb_priv
c3f4f8d8 b gohci
c3f4f9a0 B ohci_dev
c3f4fb40 B gtd
c3f50c00 B ghcca
c3f50d00 B phcca
c3f50d04 B got_rhsc
c3f50d08 B devgone
c3f50e00 B ext2fs_root
c3f50e04 B ext2fs_file
c3f50e08 B indir1_block
c3f50e0c B indir1_size
c3f50e10 B indir2_block
c3f50e14 B indir2_size
c3f50e18 B symlinknest
c3f50e1c b part_info
c3f50e68 b ext2fs_block_dev_desc
c3f50e6c b cur_dev
c3f50e70 b part_offset
c3f50e74 B get_vfatname_block
c3f60e74 B do_fat_read_block
c3f70e74 B get_dentfromdir_block
c3f80e74 B errno
c3f80e78 b htab
c3f80e84 B ___strtok
c3f80e88 B BootpID
c3f80e8c B BootpTry
c3f80e90 b eth_current
c3f80e94 b eth_devices
c3f80e98 b act.3337
c3f80e9c b env_changed_id.3338
c3f80ea0 b first_failed.3310
c3f80ea4 B NetState
c3f80ea8 b packetHandler
c3f80eac b timeHandler
c3f80eb0 b timeStart
c3f80eb4 b timeDelta
c3f80eb8 B NetIPID
c3f80ebc B NetOurIP
c3f80ec0 B NetOurEther
c3f80ec8 B NetPingIP
c3f80ecc B NetRxPacket
c3f80ed0 B NetRxPacketLen
c3f80ed4 B NetArpWaitPacketIP
c3f80ed8 B NetArpWaitPacketMAC
c3f80edc B NetArpWaitReplyIP
c3f80ee0 B NetArpWaitTxPacket
c3f80ee4 B NetArpWaitTxPacketSize
c3f80ee8 B NetTxPacket
c3f80eec B NetOurSubnetMask
c3f80ef0 B NetOurGatewayIP
c3f80ef4 b mac.3354
c3f80efc B NetEtherNullAddr
c3f80f02 b PingSeqNo
c3f80f04 B NetArpWaitTry
c3f80f08 B NetArpWaitTimerStart
c3f80f0c b NetTryCount
c3f80f10 b NetRestarted
c3f80f14 B NetRestartWrap
c3f80f18 b NetDevExists
c3f80f1c B PktBuf
c3f82d3c B NetRxPackets
c3f82d4c B NetArpWaitPacketBuf
c3f8336c b env_changed_id.3155
c3f83370 B NetServerIP
c3f83374 B NetBootFileXferSize
c3f83378 B NetOurDNSIP
c3f8337c B NetOurNISDomain
c3f8339c B NetOurHostName
c3f833bc B NetOurRootPath
c3f833fc B NetBootFileSize
c3f83400 B NetServerEther
c3f83408 B BootFile
c3f83488 b rpc_id
c3f8348c b NfsSrvMountPort
c3f83490 b NfsSrvNfsPort
c3f83494 b fs_mounted
c3f83498 b dirfh
c3f834b8 b filefh
c3f834d8 b NfsServerIP
c3f834dc b NfsOurPort
c3f834e0 b NfsState
c3f834e4 b nfs_path
c3f834e8 b nfs_filename
c3f834ec b nfs_len
c3f834f0 b NfsDownloadState
c3f834f4 b nfs_path_buff
c3f83cf4 b default_filename
c3f83d34 b NfsTimeoutCount
c3f83d38 b TftpState
c3f83d3c b tftp_filename
c3f83dbc b TftpBlock
c3f83dc0 b TftpServerIP
c3f83dc4 b TftpServerPort
c3f83dc8 b TftpOurPort
c3f83dcc b default_filename
c3f83ddc b TftpTimeoutCount
c3f83de0 b TftpBlockWrap
c3f83de4 b TftpBlockWrapOffset
c3f83de8 b TftpLastBlock
c3f83dec B _end
